// Vitest Snapshot v1, https://vitest.dev/guide/snapshot.html

exports[`Components > TheFooter > should match snapshot 1`] = `"<footer class="grid opacity-75 place-items-start"><span class="font-major"> Â© 2025 lulcca </span></footer>"`;
